// Jest Snapshot v1, https://goo.gl/fbAQLP

exports[`Chart should render chart 1`] = `
<div>
   loading ... 
</div>
`;

exports[`Chart should render chart with simple data 1`] = `ShallowWrapper {}`;
