// Jest Snapshot v1, https://goo.gl/fbAQLP

exports[`Tab renders 1`] = `
<div
  class="sc-AxjAm bYePpP"
  font-family="openSans"
>
  <div
    class="sc-AxhCb DQqhh"
    data-active-tab-test="false"
  >
    <span
      class="sc-AxhUy iAhtg"
    >
      Some text
    </span>
  </div>
</div>
`;
