// Jest Snapshot v1, https://goo.gl/fbAQLP

exports[`Modal should call default props onBackgroundClick function when no onBackgroundClick property is passed 1`] = `null`;

exports[`Modal should render open Modal with children 1`] = `null`;
