// Jest Snapshot v1, https://goo.gl/fbAQLP

exports[`Bar should render chart 1`] = `
<Chart
  containerProps={null}
  options={Object {}}
  series={Array []}
  title=""
  type="bar"
  xAxis={null}
/>
`;

exports[`Bar should render chart with simple data 1`] = `
<Chart
  containerProps={null}
  options={Object {}}
  series={
    Array [
      Object {
        "data": Array [
          10,
          15,
          20,
          25,
          15,
          20,
          15,
        ],
        "name": "temperature",
      },
    ]
  }
  title="Chart"
  type="bar"
  xAxis={
    Array [
      Object {
        "categories": Array [
          "monday",
          "tuesday",
          "wednesday",
          "thursday",
          "friday",
          "saturday",
          "sunday",
        ],
      },
    ]
  }
/>
`;
