// Jest Snapshot v1, https://goo.gl/fbAQLP

exports[`Card renders 1`] = `
<Card
  icon={null}
  title={null}
>
  <styled.div>
    <div
      className="sc-AxiKw dQZYkP"
    >
      <styled.div
        data-card-body-test={true}
      >
        <div
          className="sc-AxhUy fNfuCs"
          data-card-body-test={true}
        >
          Some children
        </div>
      </styled.div>
    </div>
  </styled.div>
</Card>
`;
